// Vitest Snapshot v1, https://vitest.dev/guide/snapshot.html

exports[`Products > should get a list of products 1`] = `
{
  "allowed_packaging": "any",
  "eta": {
    "date_range": Any<Array>,
    "days_range": Any<Array>,
    "for_send_date": Any<String>,
  },
  "plan": Any<String>,
  "price_breakdown": {
    "base": {
      "amount": Any<Number>,
      "currency": "AUD",
    },
    "base_tax": {
      "amount": Any<Number>,
      "currency": "AUD",
    },
    "cover": {
      "amount": 0,
      "currency": "AUD",
    },
    "cover_tax": {
      "amount": 0,
      "currency": "AUD",
    },
    "discount": {
      "amount": 0,
      "currency": "AUD",
    },
    "discount_tax": {
      "amount": 0,
      "currency": "AUD",
    },
    "fuel_surcharge": {
      "amount": Any<Number>,
      "currency": "AUD",
    },
    "fuel_surcharge_tax": {
      "amount": Any<Number>,
      "currency": "AUD",
    },
  },
  "product": {
    "code": "STANDARD-PICKUP",
    "first_mile_option": "pickup",
    "name": "Standard Pickup",
    "service": "standard",
  },
  "quote": {
    "gross": {
      "amount": Any<Number>,
      "currency": "AUD",
    },
    "net": {
      "amount": Any<Number>,
      "currency": "AUD",
    },
    "tax": {
      "amount": Any<Number>,
      "currency": "AUD",
    },
  },
  "route": {
    "description": "Sydney, Australia to Sydney, Australia",
    "type": "same-city",
  },
  "tax_breakdown": {
    "gst": {
      "amount": Any<Number>,
      "currency": "AUD",
      "rate": 0.1,
    },
  },
}
`;
